[   11227ms] [WARNING] Warning: Missing `Description` or `aria-describedby={undefined}` for {DialogContent}. @ http://localhost:3001/_next/static/chunks/node_modules_next_dist_f3530cac._.js:2297
[   11250ms] [WARNING] Warning: Missing `Description` or `aria-describedby={undefined}` for {DialogContent}. @ http://localhost:3001/_next/static/chunks/node_modules_next_dist_f3530cac._.js:2297
[   18520ms] [WARNING] Warning: Missing `Description` or `aria-describedby={undefined}` for {DialogContent}. @ http://localhost:3001/_next/static/chunks/node_modules_next_dist_f3530cac._.js:2297
[   18587ms] [WARNING] Warning: Missing `Description` or `aria-describedby={undefined}` for {DialogContent}. @ http://localhost:3001/_next/static/chunks/node_modules_next_dist_f3530cac._.js:2297
[   19106ms] [ERROR] Failed to load resource: the server responded with a status of 500 (Internal Server Error) @ http://localhost:3001/api/design-documents/DD-SF-AP-0001-010?projectId=00000000-0000-0000-0000-000000000001:0
[   19112ms] [ERROR] Failed to fetch DD: Error: DDの取得に失敗しました
    at DdDetailDialog.useEffect.fetchDd (http://localhost:3001/_next/static/chunks/_10d5e1a9._.js:4089:35) @ http://localhost:3001/_next/static/chunks/node_modules_next_dist_f3530cac._.js:3127
[   19628ms] [ERROR] Failed to load resource: the server responded with a status of 500 (Internal Server Error) @ http://localhost:3001/api/design-documents/DD-SF-AP-0001-010?projectId=00000000-0000-0000-0000-000000000001:0
[   19629ms] [ERROR] Failed to fetch DD: Error: DDの取得に失敗しました
    at DdDetailDialog.useEffect.fetchDd (http://localhost:3001/_next/static/chunks/_10d5e1a9._.js:4089:35) @ http://localhost:3001/_next/static/chunks/node_modules_next_dist_f3530cac._.js:3127
[   82965ms] [ERROR] WebSocket connection to 'ws://localhost:3001/_next/webpack-hmr?id=l9vXCGsLGuxyHUiN7IWW3' failed: Error in connection establishment: net::ERR_CONNECTION_REFUSED @ http://localhost:3001/_next/static/chunks/node_modules_next_dist_client_17643121._.js:10876
[   83970ms] [ERROR] WebSocket connection to 'ws://localhost:3001/_next/webpack-hmr?id=l9vXCGsLGuxyHUiN7IWW3' failed: Error in connection establishment: net::ERR_CONNECTION_REFUSED @ http://localhost:3001/_next/static/chunks/node_modules_next_dist_client_17643121._.js:10876
[   84974ms] [ERROR] WebSocket connection to 'ws://localhost:3001/_next/webpack-hmr?id=l9vXCGsLGuxyHUiN7IWW3' failed: Error in connection establishment: net::ERR_CONNECTION_REFUSED @ http://localhost:3001/_next/static/chunks/node_modules_next_dist_client_17643121._.js:10876
[   85979ms] [ERROR] WebSocket connection to 'ws://localhost:3001/_next/webpack-hmr?id=l9vXCGsLGuxyHUiN7IWW3' failed: Error in connection establishment: net::ERR_CONNECTION_REFUSED @ http://localhost:3001/_next/static/chunks/node_modules_next_dist_client_17643121._.js:10876
[   86983ms] [ERROR] WebSocket connection to 'ws://localhost:3001/_next/webpack-hmr?id=l9vXCGsLGuxyHUiN7IWW3' failed: Error in connection establishment: net::ERR_CONNECTION_REFUSED @ http://localhost:3001/_next/static/chunks/node_modules_next_dist_client_17643121._.js:10876
[   91989ms] [ERROR] WebSocket connection to 'ws://localhost:3001/_next/webpack-hmr?id=l9vXCGsLGuxyHUiN7IWW3' failed: Error in connection establishment: net::ERR_CONNECTION_REFUSED @ http://localhost:3001/_next/static/chunks/node_modules_next_dist_client_17643121._.js:10876
[   95669ms] [ERROR] WebSocket connection to 'ws://localhost:3001/_next/webpack-hmr?id=l9vXCGsLGuxyHUiN7IWW3' failed: Error in connection establishment: net::ERR_CONNECTION_REFUSED @ http://localhost:3001/_next/static/chunks/node_modules_next_dist_client_17643121._.js:10876
[  100675ms] [ERROR] WebSocket connection to 'ws://localhost:3001/_next/webpack-hmr?id=l9vXCGsLGuxyHUiN7IWW3' failed: Error in connection establishment: net::ERR_CONNECTION_REFUSED @ http://localhost:3001/_next/static/chunks/node_modules_next_dist_client_17643121._.js:10876
[  105715ms] [ERROR] WebSocket connection to 'ws://localhost:3001/_next/webpack-hmr?id=l9vXCGsLGuxyHUiN7IWW3' failed: Error in connection establishment: net::ERR_CONNECTION_REFUSED @ http://localhost:3001/_next/static/chunks/node_modules_next_dist_client_17643121._.js:10876
[  110719ms] [ERROR] WebSocket connection to 'ws://localhost:3001/_next/webpack-hmr?id=l9vXCGsLGuxyHUiN7IWW3' failed: Error in connection establishment: net::ERR_CONNECTION_REFUSED @ http://localhost:3001/_next/static/chunks/node_modules_next_dist_client_17643121._.js:10876
[  115732ms] [ERROR] WebSocket connection to 'ws://localhost:3001/_next/webpack-hmr?id=l9vXCGsLGuxyHUiN7IWW3' failed: Error in connection establishment: net::ERR_CONNECTION_REFUSED @ http://localhost:3001/_next/static/chunks/node_modules_next_dist_client_17643121._.js:10876
[  120750ms] [ERROR] WebSocket connection to 'ws://localhost:3001/_next/webpack-hmr?id=l9vXCGsLGuxyHUiN7IWW3' failed: Error in connection establishment: net::ERR_CONNECTION_REFUSED @ http://localhost:3001/_next/static/chunks/node_modules_next_dist_client_17643121._.js:10876
[  277480ms] [WARNING] Warning: Missing `Description` or `aria-describedby={undefined}` for {DialogContent}. @ http://localhost:3000/_next/static/chunks/node_modules_next_dist_f3530cac._.js:2297
[  277538ms] [WARNING] Warning: Missing `Description` or `aria-describedby={undefined}` for {DialogContent}. @ http://localhost:3000/_next/static/chunks/node_modules_next_dist_f3530cac._.js:2297
[  281481ms] [WARNING] Warning: Missing `Description` or `aria-describedby={undefined}` for {DialogContent}. @ http://localhost:3000/_next/static/chunks/node_modules_next_dist_f3530cac._.js:2297
[  281500ms] [WARNING] Warning: Missing `Description` or `aria-describedby={undefined}` for {DialogContent}. @ http://localhost:3000/_next/static/chunks/node_modules_next_dist_f3530cac._.js:2297
[  289239ms] [ERROR] Failed to load resource: the server responded with a status of 404 (Not Found) @ http://localhost:3000/api/design-documents/DD-SF-AP-0001-010?projectId=00000000-0000-0000-0000-000000000001:0
[  289241ms] [ERROR] Failed to fetch DD: Error: DDの取得に失敗しました
    at DdDetailDialog.useEffect.fetchDd (http://localhost:3000/_next/static/chunks/_10d5e1a9._.js:4089:35) @ http://localhost:3000/_next/static/chunks/node_modules_next_dist_f3530cac._.js:3127
[  291297ms] [ERROR] Failed to load resource: the server responded with a status of 404 (Not Found) @ http://localhost:3000/api/design-documents/DD-SF-AP-0001-010?projectId=00000000-0000-0000-0000-000000000001:0
[  291298ms] [ERROR] Failed to fetch DD: Error: DDの取得に失敗しました
    at DdDetailDialog.useEffect.fetchDd (http://localhost:3000/_next/static/chunks/_10d5e1a9._.js:4089:35) @ http://localhost:3000/_next/static/chunks/node_modules_next_dist_f3530cac._.js:3127
